<?xml version="1.0" ?>
<reptool>
	<page width="595" height="842" />

	<database>
		<provider>SQLite</provider>
		<connection_string>URI=///home/andreaz/files/c/reptool/libreptool/tests/db_test.db</connection_string>
		<sql>SELECT * FROM articles ORDER BY name</sql>
	</database>

	<report>
		<page-header height="80">
			<text name="title" x="10" y="10" width="300" height="50" font-name="Courier New" font-size="10" font-bold="y" source="the page title" />
			<line name="line1" x="10" y="65" width="500" height="0" />
		</page-header>
		<body height="200">
			<text name="txt_id" x="50" y="50" width="100" height="50" border-top-width="1.0" border-top-color="#FF0000" source="[id]" />
			<text name="txt_name" x="200" y="50" width="100" height="50" source="[name]" />
			<rect name="rect1" x="400" y="10" width="20" height="20" fill-color="#00FF00" />
			<image name="img1" x="450" y="10" width="60" height="60" source="tests/gnome-globe.png" />
		</body>
		<page-footer height="80">
			<line name="line2" x="10" y="10" width="500" height="0" />
			<text name="footer" x="10" y="20" width="300" height="50" source="the page footer" />
			<ellipse name="ellipse1" x="400" y="50" width="20" height="10" stroke-color="#FF0000" fill-color="#00FF00" />
		</page-footer>
	</report>
</reptool>
