<?xml version="1.0" ?>
<reptool>
	<page width="595" height="842" />

	<database>
		<provider>SQLite</provider>
		<!-- connection-string must be changed to your libretool source directory because SQLite wants an absolute path -->
		<connection-string>DB_DIR=.;DB_NAME=db_test.db</connection-string>
		<sql>SELECT * FROM articles ORDER BY name</sql>
	</database>

	<report>
		<report-header height="80">
			<text name="rephead" x="10" y="10" width="300" height="70" font-name="Verdana" font-size="16" font-bold="y" font-underline="y" font-color="#0000FF" source="&quot;the report's header&quot;" />
		</report-header>
		<page-header height="80" first-page="y">
			<text name="title" x="10" y="10" width="300" height="50" font-name="Courier New" font-size="10" font-bold="y" source="&quot;the page's title&quot; &amp; &quot; - &quot; &amp; @Page" />
			<line name="line1" x="10" y="65" width="500" height="0" />
		</page-header>
		<body height="200">
			<text name="txt_id" x="50" y="50" width="100" height="50" border-top-width="1.0" border-top-color="#FF0000" source="[id]" />
			<text name="txt_name" x="200" y="50" width="100" height="50" source="[name]" />
			<text name="txt_req" x="50" y="100" width="100" height="50" source="[nonexistent]" />
			<rect name="rect1" x="400" y="10" width="20" height="20" fill-color="#00FF00" />
			<image name="img1" x="450" y="10" width="60" height="60" border-bottom-width="1.0" border-bottom-color="#FF0000" border-bottom-style="10;10" source="tests/gnome-globe.png" />
		</body>
		<report-footer height="50">
			<line name="line3" x="10" y="10" width="500" height="0" stroke-color="#FFFF00" stroke-style="50;10" />
			<text name="txt_report_footer" x="10" y="20" width="500" height="30" horizontal-align="center" source="&quot;the report's footer&quot;" />
			<line name="line4" x="10" y="50" width="500" height="0" stroke-color="#FFFF00" stroke-style="1;5" />
		</report-footer>
		<page-footer height="80" first-page="y" last-page="y">
			<line name="line2" x="10" y="10" width="500" height="0" />
			<text name="footer" x="10" y="20" width="300" height="50" source="&quot;the page's footer&quot;" />
			<ellipse name="ellipse1" x="400" y="50" width="20" height="10" stroke-color="#FF0000" fill-color="#00FF00" />
			<text name="page_n" x="500" y="20" width="50" height="50" source="@Page &amp; &quot;/&quot; &amp; @Pages" />
		</page-footer>
	</report>
</reptool>
